// Jest Snapshot v1, https://goo.gl/fbAQLP

exports[`<GifGridItem /> component should be rendered 1`] = `
<article>
  <h1>
    Gif Title
  </h1>
  <small>
    GifyUserCrazy
  </small>
  <img
    alt="Gif Title"
    loading="lazy"
    src="https://example"
  />
</article>
`;
